// Jest Snapshot v1, https://goo.gl/fbAQLP

exports[`post page renders correctly 1`] = `
<div
  className="container"
>
  <header
    className="header"
  >
    <a
      href="/"
      onClick={[Function]}
      onMouseEnter={[Function]}
    >
      <img
        alt="The Deetees"
        className="borderCircle"
        height={144}
        src="/icon.png"
        width={144}
      />
    </a>
    <a
      className="noDecoration"
      href="/"
      onClick={[Function]}
      onMouseEnter={[Function]}
    >
      <h1
        className="heading2Xl"
      >
        The Deetees
      </h1>
    </a>
    <nav>
      <a
        href="#about"
      >
        About
      </a>
       / 
      <a
        href="#contact"
      >
        Contact
      </a>
       / 
      <a
        href="#music"
      >
        Music
      </a>
       / 
      <a
        href="#shows"
      >
        Shows
      </a>
    </nav>
  </header>
  <main>
    <h1
      className="headingXl"
    >
      Post #1
    </h1>
    <small
      className="lightText"
    >
      <time
        dateTime="2021-01-01"
      >
        1 January, 2021
      </time>
    </small>
    <br />
    <div
      dangerouslySetInnerHTML={
        Object {
          "__html": "Sample content.",
        }
      }
    />
    <div>
      <a
        href="/"
        onClick={[Function]}
        onMouseEnter={[Function]}
      >
        â¬… Go back
      </a>
    </div>
  </main>
  <footer
    className="footer"
  >
    <hr
      className="divider"
    />
    <small>
      Â© 
      2021
      , 
      The Deetees
       ðŸŽ¸
    </small>
  </footer>
</div>
`;
